FileInfo.cpp: In function ‘BBP::std::errno_t BBP::std::populateVolumeInfo(VolumeInfo&, PATH&)’:
FileInfo.cpp:4:65: warning: unused parameter ‘info’ [-Wunused-parameter]
    4 | BBP::std::errno_t BBP::std::populateVolumeInfo(std::VolumeInfo &info, std::PATH &path)
      |                                                ~~~~~~~~~~~~~~~~~^~~~
FileInfo.cpp:4:82: warning: unused parameter ‘path’ [-Wunused-parameter]
    4 | BBP::std::errno_t BBP::std::populateVolumeInfo(std::VolumeInfo &info, std::PATH &path)
      |                                                                       ~~~~~~~~~~~^~~~
FileInfo.cpp: In member function ‘BBP::std::errno_t BBP::std::DirectoryInfo::scarce_populate(BBP::std::PATH&)’:
FileInfo.cpp:49:21: warning: unused variable ‘pathString_length’ [-Wunused-variable]
   49 |         std::size_t pathString_length = std::strlen(absPathString);
      |                     ^~~~~~~~~~~~~~~~~
FileInfo.cpp: In member function ‘BBP::std::errno_t BBP::std::DirectoryInfo::populate(BBP::std::PATH&, BBP::std::ResourceManager*)’:
FileInfo.cpp:118:46: warning: implicitly-declared ‘constexpr BBP::std::PATH& BBP::std::PATH::operator=(const BBP::std::PATH&)’ is deprecated [-Wdeprecated-copy]
  118 |         rootPath = rootPath.makeAbsolutePath();
      |                                              ^
In file included from ../include/FileSysInfo.h:4,
                 from FileInfo.cpp:1:
../include/FileSys.h:98:25: note: because ‘BBP::std::PATH’ has user-provided ‘BBP::std::PATH::PATH(BBP::std::PATH&)’
   98 |                         PATH(std::PATH &);
      |                         ^~~~
FileInfo.cpp:169:29: warning: unused variable ‘entryPath_length’ [-Wunused-variable]
  169 |                 std::size_t entryPath_length = std::strlen(entryPath);
      |                             ^~~~~~~~~~~~~~~~
FileInfo.cpp:126:23: warning: unused variable ‘absPathString’ [-Wunused-variable]
  126 |         std::c_string absPathString = absPath.relName();
      |                       ^~~~~~~~~~~~~
